// Jest Snapshot v1, https://goo.gl/fbAQLP

exports[`MenuBar renders correctly 1`] = `
ShallowWrapper {
  "length": 1,
  Symbol(enzyme.__root__): [Circular],
  Symbol(enzyme.__unrendered__): <MenuBar
    getUsers={[Function]}
    handleSearchTermChange={[Function]}
  />,
  Symbol(enzyme.__renderer__): Object {
    "batchedUpdates": [Function],
    "getNode": [Function],
    "render": [Function],
    "simulateEvent": [Function],
    "unmount": [Function],
  },
  Symbol(enzyme.__node__): Object {
    "instance": null,
    "key": undefined,
    "nodeType": "class",
    "props": Object {
      "children": Array [
        <MenuItem>
          <Header
            as="h1"
            color="pink"
          >
            <Icon
              as="i"
              name="behance"
            />
            <HeaderContent>
              Search
            </HeaderContent>
          </Header>
        </MenuItem>,
        <MenuMenu
          position="right"
        >
          <MenuItem>
            <Search
              getUsers={[Function]}
              handleSearchTermChange={[Function]}
            />
          </MenuItem>
        </MenuMenu>,
      ],
      "inverted": true,
      "size": "small",
    },
    "ref": null,
    "rendered": Array [
      Object {
        "instance": null,
        "key": undefined,
        "nodeType": "class",
        "props": Object {
          "children": <Header
            as="h1"
            color="pink"
          >
            <Icon
              as="i"
              name="behance"
            />
            <HeaderContent>
              Search
            </HeaderContent>
          </Header>,
        },
        "ref": null,
        "rendered": Object {
          "instance": null,
          "key": undefined,
          "nodeType": "function",
          "props": Object {
            "as": "h1",
            "children": Array [
              <Icon
                as="i"
                name="behance"
              />,
              <HeaderContent>
                Search
              </HeaderContent>,
            ],
            "color": "pink",
          },
          "ref": null,
          "rendered": Array [
            Object {
              "instance": null,
              "key": undefined,
              "nodeType": "class",
              "props": Object {
                "as": "i",
                "name": "behance",
              },
              "ref": null,
              "rendered": null,
              "type": [Function],
            },
            Object {
              "instance": null,
              "key": undefined,
              "nodeType": "function",
              "props": Object {
                "children": "Search",
              },
              "ref": null,
              "rendered": "Search",
              "type": [Function],
            },
          ],
          "type": [Function],
        },
        "type": [Function],
      },
      Object {
        "instance": null,
        "key": undefined,
        "nodeType": "function",
        "props": Object {
          "children": <MenuItem>
            <Search
              getUsers={[Function]}
              handleSearchTermChange={[Function]}
            />
          </MenuItem>,
          "position": "right",
        },
        "ref": null,
        "rendered": Object {
          "instance": null,
          "key": undefined,
          "nodeType": "class",
          "props": Object {
            "children": <Search
              getUsers={[Function]}
              handleSearchTermChange={[Function]}
            />,
          },
          "ref": null,
          "rendered": Object {
            "instance": null,
            "key": undefined,
            "nodeType": "function",
            "props": Object {
              "getUsers": [Function],
              "handleSearchTermChange": [Function],
            },
            "ref": null,
            "rendered": null,
            "type": [Function],
          },
          "type": [Function],
        },
        "type": [Function],
      },
    ],
    "type": [Function],
  },
  Symbol(enzyme.__nodes__): Array [
    Object {
      "instance": null,
      "key": undefined,
      "nodeType": "class",
      "props": Object {
        "children": Array [
          <MenuItem>
            <Header
              as="h1"
              color="pink"
            >
              <Icon
                as="i"
                name="behance"
              />
              <HeaderContent>
                Search
              </HeaderContent>
            </Header>
          </MenuItem>,
          <MenuMenu
            position="right"
          >
            <MenuItem>
              <Search
                getUsers={[Function]}
                handleSearchTermChange={[Function]}
              />
            </MenuItem>
          </MenuMenu>,
        ],
        "inverted": true,
        "size": "small",
      },
      "ref": null,
      "rendered": Array [
        Object {
          "instance": null,
          "key": undefined,
          "nodeType": "class",
          "props": Object {
            "children": <Header
              as="h1"
              color="pink"
            >
              <Icon
                as="i"
                name="behance"
              />
              <HeaderContent>
                Search
              </HeaderContent>
            </Header>,
          },
          "ref": null,
          "rendered": Object {
            "instance": null,
            "key": undefined,
            "nodeType": "function",
            "props": Object {
              "as": "h1",
              "children": Array [
                <Icon
                  as="i"
                  name="behance"
                />,
                <HeaderContent>
                  Search
                </HeaderContent>,
              ],
              "color": "pink",
            },
            "ref": null,
            "rendered": Array [
              Object {
                "instance": null,
                "key": undefined,
                "nodeType": "class",
                "props": Object {
                  "as": "i",
                  "name": "behance",
                },
                "ref": null,
                "rendered": null,
                "type": [Function],
              },
              Object {
                "instance": null,
                "key": undefined,
                "nodeType": "function",
                "props": Object {
                  "children": "Search",
                },
                "ref": null,
                "rendered": "Search",
                "type": [Function],
              },
            ],
            "type": [Function],
          },
          "type": [Function],
        },
        Object {
          "instance": null,
          "key": undefined,
          "nodeType": "function",
          "props": Object {
            "children": <MenuItem>
              <Search
                getUsers={[Function]}
                handleSearchTermChange={[Function]}
              />
            </MenuItem>,
            "position": "right",
          },
          "ref": null,
          "rendered": Object {
            "instance": null,
            "key": undefined,
            "nodeType": "class",
            "props": Object {
              "children": <Search
                getUsers={[Function]}
                handleSearchTermChange={[Function]}
              />,
            },
            "ref": null,
            "rendered": Object {
              "instance": null,
              "key": undefined,
              "nodeType": "function",
              "props": Object {
                "getUsers": [Function],
                "handleSearchTermChange": [Function],
              },
              "ref": null,
              "rendered": null,
              "type": [Function],
            },
            "type": [Function],
          },
          "type": [Function],
        },
      ],
      "type": [Function],
    },
  ],
  Symbol(enzyme.__options__): Object {
    "adapter": ReactSixteenAdapter {
      "options": Object {
        "enableComponentDidUpdateOnSetState": true,
      },
    },
  },
}
`;
