// Jest Snapshot v1, https://goo.gl/fbAQLP

exports[`UserFollow renders correctly 1`] = `
<React.Fragment>
  <ModalContent>
    <Dimmer
      active={true}
    >
      <Loader
        size="medium"
      >
        Loading...
      </Loader>
    </Dimmer>
  </ModalContent>
</React.Fragment>
`;
